// Jest Snapshot v1, https://goo.gl/fbAQLP

exports[`Renders Button component and simulates click 1`] = `
<button>
  My Test Button
</button>
`;
